******************************************************************************
                  MSP430 Linker PC v4.1.5                      
******************************************************************************
>> Linked Mon Jan 06 22:04:00 2014

OUTPUT FILE NAME:   <Wifi_Link.out>
ENTRY POINT SYMBOL: "_c_int00"  address: 0000fd2e


MEMORY CONFIGURATION

         name            origin    length      used     unused   attr    fill
----------------------  --------  ---------  --------  --------  ----  --------
  SFR                   00000000   00000010  00000000  00000010  RWIX
  PERIPHERALS_8BIT      00000010   000000f0  00000000  000000f0  RWIX
  PERIPHERALS_16BIT     00000100   00000100  00000000  00000100  RWIX
  RAM                   00000200   00000100  00000066  0000009a  RWIX
  INFOD                 00001000   00000040  00000000  00000040  RWIX
  INFOC                 00001040   00000040  00000000  00000040  RWIX
  INFOB                 00001080   00000040  00000000  00000040  RWIX
  INFOA                 000010c0   00000040  00000000  00000040  RWIX
  FLASH                 0000f800   000007e0  000006a4  0000013c  RWIX
  INT00                 0000ffe0   00000002  00000000  00000002  RWIX
  INT01                 0000ffe2   00000002  00000000  00000002  RWIX
  INT02                 0000ffe4   00000002  00000000  00000002  RWIX
  INT03                 0000ffe6   00000002  00000000  00000002  RWIX
  INT04                 0000ffe8   00000002  00000000  00000002  RWIX
  INT05                 0000ffea   00000002  00000000  00000002  RWIX
  INT06                 0000ffec   00000002  00000000  00000002  RWIX
  INT07                 0000ffee   00000002  00000002  00000000  RWIX
  INT08                 0000fff0   00000002  00000000  00000002  RWIX
  INT09                 0000fff2   00000002  00000000  00000002  RWIX
  INT10                 0000fff4   00000002  00000000  00000002  RWIX
  INT11                 0000fff6   00000002  00000000  00000002  RWIX
  INT12                 0000fff8   00000002  00000000  00000002  RWIX
  INT13                 0000fffa   00000002  00000000  00000002  RWIX
  INT14                 0000fffc   00000002  00000000  00000002  RWIX
  RESET                 0000fffe   00000002  00000002  00000000  RWIX


SECTION ALLOCATION MAP

 output                                  attributes/
section   page    origin      length       input sections
--------  ----  ----------  ----------   ----------------
.pinit     0    0000f800    00000000     UNINITIALIZED

.bss       0    00000200    00000016     UNINITIALIZED
                  00000200    00000006     NRF24L.obj (.bss)
                  00000206    00000006     main.obj (.bss)
                  0000020c    00000004     rts430.lib : _lock.obj (.bss)
                  00000210    00000004                : boot.obj (.bss)
                  00000214    00000002     uart.obj (.bss)

.stack     0    000002b0    00000050     UNINITIALIZED
                  000002b0    00000002     rts430.lib : boot.obj (.stack)
                  000002b2    0000004e     --HOLE--

.text      0    0000f800    00000620     
                  0000f800    0000035c     main.obj (.text:main)
                  0000fb5c    00000054     devio.obj (.text:DEVIO_Init)
                  0000fbb0    00000048     rts430.lib : autoinit.obj (.text:_auto_init)
                  0000fbf8    00000042     uart.obj (.text:UART_SendHexByte)
                  0000fc3a    0000003e     spi.obj (.text:SPI_SendBuffer)
                  0000fc78    00000034     uart.obj (.text:UART_Init)
                  0000fcac    0000002c     spi.obj (.text:SPI_Init)
                  0000fcd8    0000002c     rts430.lib : asr16.obj (.text)
                  0000fd04    0000002a     spi.obj (.text:SPI_GetBuffer)
                  0000fd2e    00000026     rts430.lib : boot.obj (.text:_c_int00_noexit)
                  0000fd54    00000018     spi.obj (.text:SPI_SendCommand)
                  0000fd6c    00000018     uart.obj (.text:UART_SendBuffer)
                  0000fd84    00000016     spi.obj (.text:SPI_SendRawByte)
                  0000fd9a    00000014     uart.obj (.text:UART_SendString)
                  0000fdae    00000012     spi.obj (.text:SPI_SendByte)
                  0000fdc0    00000012     uart.obj (.text:USCI0RX_ISR)
                  0000fdd2    00000012     rts430.lib : memcpy.obj (.text:memcpy)
                  0000fde4    00000010     devio.obj (.text:DEVIO_StatusLED_Set)
                  0000fdf4    00000010     rts430.lib : epilog.obj (.text)
                  0000fe04    0000000c     uart.obj (.text:UART_SendByte)
                  0000fe10    00000006     NRF24L.obj (.text:NRF_Init)
                  0000fe16    00000004     rts430.lib : pre_init.obj (.text:_system_pre_init)
                  0000fe1a    00000004                : exit.obj (.text:abort)
                  0000fe1e    00000002                : _lock.obj (.text:_nop)

.const     0    0000fe20    00000078     
                  0000fe20    00000078     main.obj (.const:.string)

.cinit     0    0000fe98    0000000c     
                  0000fe98    00000009     NRF24L.obj (.cinit)
                  0000fea1    00000001     --HOLE-- [fill = 0]
                  0000fea2    00000002     (.pad.cinit) [fill = 0]

.int07     0    0000ffee    00000002     
                  0000ffee    00000002     uart.obj (.int07)

.reset     0    0000fffe    00000002     
                  0000fffe    00000002     rts430.lib : boot.obj (.reset)


GLOBAL SYMBOLS: SORTED ALPHABETICALLY BY Name 

address    name
--------   ----
00000200   .bss
0000f800   .text
0000004a   ADC10AE0
000001b0   ADC10CTL0
000001b2   ADC10CTL1
00000048   ADC10DTC0
00000049   ADC10DTC1
000001b4   ADC10MEM
000001bc   ADC10SA
00000057   BCSCTL1
00000058   BCSCTL2
00000053   BCSCTL3
0000fe1a   C$$EXIT
00000059   CACTL1
0000005a   CACTL2
000010fb   CALBC1_12MHZ
000010f9   CALBC1_16MHZ
000010ff   CALBC1_1MHZ
000010fd   CALBC1_8MHZ
000010fa   CALDCO_12MHZ
000010f8   CALDCO_16MHZ
000010fe   CALDCO_1MHZ
000010fc   CALDCO_8MHZ
0000005b   CAPD
00000056   DCOCTL
0000fb5c   DEVIO_Init
0000fde4   DEVIO_StatusLED_Set
00000128   FCTL1
0000012a   FCTL2
0000012c   FCTL3
00000000   IE1
00000001   IE2
00000002   IFG1
00000003   IFG2
0000fcd8   I_ASR
0000fd00   I_ASR_1
0000fcee   I_ASR_10
0000fcec   I_ASR_11
0000fcea   I_ASR_12
0000fce8   I_ASR_13
0000fce6   I_ASR_14
0000fce4   I_ASR_15
0000fcfe   I_ASR_2
0000fcfc   I_ASR_3
0000fcfa   I_ASR_4
0000fcf8   I_ASR_5
0000fcf6   I_ASR_6
0000fcf4   I_ASR_7
0000fcf2   I_ASR_8
0000fcf0   I_ASR_9
0000fe10   NRF_Init
00000200   NRF_TX_ADDR
00000022   P1DIR
00000025   P1IE
00000024   P1IES
00000023   P1IFG
00000020   P1IN
00000021   P1OUT
00000027   P1REN
00000026   P1SEL
00000041   P1SEL2
0000002a   P2DIR
0000002d   P2IE
0000002c   P2IES
0000002b   P2IFG
00000028   P2IN
00000029   P2OUT
0000002f   P2REN
0000002e   P2SEL
00000042   P2SEL2
0000001a   P3DIR
00000018   P3IN
00000019   P3OUT
00000010   P3REN
0000001b   P3SEL
00000043   P3SEL2
0000fd04   SPI_GetBuffer
0000fcac   SPI_Init
0000fc3a   SPI_SendBuffer
0000fdae   SPI_SendByte
0000fd54   SPI_SendCommand
0000fd84   SPI_SendRawByte
00000172   TA0CCR0
00000174   TA0CCR1
00000176   TA0CCR2
00000162   TA0CCTL0
00000164   TA0CCTL1
00000166   TA0CCTL2
00000160   TA0CTL
0000012e   TA0IV
00000170   TA0R
00000192   TA1CCR0
00000194   TA1CCR1
00000196   TA1CCR2
00000182   TA1CCTL0
00000184   TA1CCTL1
00000186   TA1CCTL2
00000180   TA1CTL
0000011e   TA1IV
00000190   TA1R
00000215   UART_DataRX
00000214   UART_DataReady
0000fc78   UART_Init
0000fd6c   UART_SendBuffer
0000fe04   UART_SendByte
0000fbf8   UART_SendHexByte
0000fd9a   UART_SendString
0000005d   UCA0ABCTL
00000062   UCA0BR0
00000063   UCA0BR1
00000060   UCA0CTL0
00000061   UCA0CTL1
0000005f   UCA0IRRCTL
0000005e   UCA0IRTCTL
00000064   UCA0MCTL
00000066   UCA0RXBUF
00000065   UCA0STAT
00000067   UCA0TXBUF
0000006a   UCB0BR0
0000006b   UCB0BR1
00000068   UCB0CTL0
00000069   UCB0CTL1
0000006c   UCB0I2CIE
00000118   UCB0I2COA
0000011a   UCB0I2CSA
0000006e   UCB0RXBUF
0000006d   UCB0STAT
0000006f   UCB0TXBUF
0000fdc0   USCI0RX_ISR
00000120   WDTCTL
00000300   __STACK_END
00000050   __STACK_SIZE
00000001   __TI_args_main
00000001   __TI_auto_init
00000001   __TI_exit
ffffffff   __binit__
00000200   __bss__
ffffffff   __c_args__
0000fe98   __cinit__
00000216   __end__
0000fe20   __etext__
ffffffff   __pinit__
0000f800   __text__
0000fbb0   _auto_init
0000fd2e   _c_int00
0000fd2e   _c_int00_noexit
00000210   _cleanup_ptr
00000212   _dtors_ptr
0000020c   _lock
0000fe1e   _nop
0000fffe   _reset_vector
000002b0   _stack
0000fe16   _system_pre_init
0000020e   _unlock
0000fe1a   abort
ffffffff   binit
0000fe98   cinit
00000216   end
0000fe20   etext
0000fe00   func_epilog_1
0000fdfe   func_epilog_2
0000fdfc   func_epilog_3
0000fdfa   func_epilog_4
0000fdf8   func_epilog_5
0000fdf6   func_epilog_6
0000fdf4   func_epilog_7
0000f800   main
0000fdd2   memcpy
ffffffff   pinit


GLOBAL SYMBOLS: SORTED BY Symbol Address 

address    name
--------   ----
00000000   IE1
00000001   IE2
00000001   __TI_args_main
00000001   __TI_auto_init
00000001   __TI_exit
00000002   IFG1
00000003   IFG2
00000010   P3REN
00000018   P3IN
00000019   P3OUT
0000001a   P3DIR
0000001b   P3SEL
00000020   P1IN
00000021   P1OUT
00000022   P1DIR
00000023   P1IFG
00000024   P1IES
00000025   P1IE
00000026   P1SEL
00000027   P1REN
00000028   P2IN
00000029   P2OUT
0000002a   P2DIR
0000002b   P2IFG
0000002c   P2IES
0000002d   P2IE
0000002e   P2SEL
0000002f   P2REN
00000041   P1SEL2
00000042   P2SEL2
00000043   P3SEL2
00000048   ADC10DTC0
00000049   ADC10DTC1
0000004a   ADC10AE0
00000050   __STACK_SIZE
00000053   BCSCTL3
00000056   DCOCTL
00000057   BCSCTL1
00000058   BCSCTL2
00000059   CACTL1
0000005a   CACTL2
0000005b   CAPD
0000005d   UCA0ABCTL
0000005e   UCA0IRTCTL
0000005f   UCA0IRRCTL
00000060   UCA0CTL0
00000061   UCA0CTL1
00000062   UCA0BR0
00000063   UCA0BR1
00000064   UCA0MCTL
00000065   UCA0STAT
00000066   UCA0RXBUF
00000067   UCA0TXBUF
00000068   UCB0CTL0
00000069   UCB0CTL1
0000006a   UCB0BR0
0000006b   UCB0BR1
0000006c   UCB0I2CIE
0000006d   UCB0STAT
0000006e   UCB0RXBUF
0000006f   UCB0TXBUF
00000118   UCB0I2COA
0000011a   UCB0I2CSA
0000011e   TA1IV
00000120   WDTCTL
00000128   FCTL1
0000012a   FCTL2
0000012c   FCTL3
0000012e   TA0IV
00000160   TA0CTL
00000162   TA0CCTL0
00000164   TA0CCTL1
00000166   TA0CCTL2
00000170   TA0R
00000172   TA0CCR0
00000174   TA0CCR1
00000176   TA0CCR2
00000180   TA1CTL
00000182   TA1CCTL0
00000184   TA1CCTL1
00000186   TA1CCTL2
00000190   TA1R
00000192   TA1CCR0
00000194   TA1CCR1
00000196   TA1CCR2
000001b0   ADC10CTL0
000001b2   ADC10CTL1
000001b4   ADC10MEM
000001bc   ADC10SA
00000200   .bss
00000200   NRF_TX_ADDR
00000200   __bss__
0000020c   _lock
0000020e   _unlock
00000210   _cleanup_ptr
00000212   _dtors_ptr
00000214   UART_DataReady
00000215   UART_DataRX
00000216   __end__
00000216   end
000002b0   _stack
00000300   __STACK_END
000010f8   CALDCO_16MHZ
000010f9   CALBC1_16MHZ
000010fa   CALDCO_12MHZ
000010fb   CALBC1_12MHZ
000010fc   CALDCO_8MHZ
000010fd   CALBC1_8MHZ
000010fe   CALDCO_1MHZ
000010ff   CALBC1_1MHZ
0000f800   .text
0000f800   __text__
0000f800   main
0000fb5c   DEVIO_Init
0000fbb0   _auto_init
0000fbf8   UART_SendHexByte
0000fc3a   SPI_SendBuffer
0000fc78   UART_Init
0000fcac   SPI_Init
0000fcd8   I_ASR
0000fce4   I_ASR_15
0000fce6   I_ASR_14
0000fce8   I_ASR_13
0000fcea   I_ASR_12
0000fcec   I_ASR_11
0000fcee   I_ASR_10
0000fcf0   I_ASR_9
0000fcf2   I_ASR_8
0000fcf4   I_ASR_7
0000fcf6   I_ASR_6
0000fcf8   I_ASR_5
0000fcfa   I_ASR_4
0000fcfc   I_ASR_3
0000fcfe   I_ASR_2
0000fd00   I_ASR_1
0000fd04   SPI_GetBuffer
0000fd2e   _c_int00
0000fd2e   _c_int00_noexit
0000fd54   SPI_SendCommand
0000fd6c   UART_SendBuffer
0000fd84   SPI_SendRawByte
0000fd9a   UART_SendString
0000fdae   SPI_SendByte
0000fdc0   USCI0RX_ISR
0000fdd2   memcpy
0000fde4   DEVIO_StatusLED_Set
0000fdf4   func_epilog_7
0000fdf6   func_epilog_6
0000fdf8   func_epilog_5
0000fdfa   func_epilog_4
0000fdfc   func_epilog_3
0000fdfe   func_epilog_2
0000fe00   func_epilog_1
0000fe04   UART_SendByte
0000fe10   NRF_Init
0000fe16   _system_pre_init
0000fe1a   C$$EXIT
0000fe1a   abort
0000fe1e   _nop
0000fe20   __etext__
0000fe20   etext
0000fe98   __cinit__
0000fe98   cinit
0000fffe   _reset_vector
ffffffff   __binit__
ffffffff   __c_args__
ffffffff   __pinit__
ffffffff   binit
ffffffff   pinit

[169 symbols]
